...................................                                      [100%]
35 passed in 2.68s
........................................................................ [ 56%]
.......................................................                  [100%]
127 passed in 270.78s (0:04:30)
........................................................................ [ 18%]
........................................................................ [ 37%]
.......................................................................................................                       [100%]
50 passed in 1.16s
.............................                                            [100%]
29 passed in 0.98s
.......................................................                  [100%]
55 passed in 99.55s (0:01:39)
.............                                                            [100%]
13 passed in 21.97s
.......................................................                  [100%]
55 passed in 98.26s (0:01:38)
.............                                                            [100%]
13 passed in 20.02s
..................................                                       [100%]
34 passed in 54.39s
...............................................                                           [100%]
30 passed in 58.83s
...................                                                      [100%]
19 passed in 0.90s
...........................                                              [100%]
27 passed in 1.16s
.................                                                        [100%]
17 passed in 83.86s (0:01:23)
..............................                                           [100%]
30 passed in 169.42s (0:02:49)
................                                                         [100%]
16 passed in 7.85s
............                                                             [100%]
12 passed in 2.01s
............                                                             [100%]
12 passed in 5.33s
..................                                                       [100%]
18 passed in 9.08s
....................                                                     [100%]
20 passed in 0.88s
........................................................................ [ 30%]
........................................................................ [ 61%]
........................................................................ [ 91%]
....................                                                     [100%]
============================== warnings summary ===============================
tests/test_h3_2_adaptive_geometry_is.py::TestDatasetRegression::test_manifest
tests/test_h3_variance_leakage.py::TestL0Synthetic::test_geometry_error_zero
tests/test_h3_variance_leakage.py::TestDatasetRegression::test_manifest
  D:\Users\huangyx\Desktop\hypersonic-hybrid-trajectory-lab\.venv\Lib\site-packages\_pytest\fixtures.py:1313: PytestRemovedIn10Warning: Class-scoped fixture defined as instance method is deprecated.
  Instance attributes set in this fixture will NOT be visible to test methods,
  as each test gets a new instance while the fixture runs only once per class.
  Use @classmethod decorator and set attributes on cls instead.
  See https://docs.pytest.org/en/stable/deprecations.html#class-scoped-fixture-as-instance-method
    fixturefunc = resolve_fixture_function(fixturedef, request)

-- Docs: https://docs.pytest.org/en/stable/how-to/capture-warnings.html
236 passed, 3 warnings in 26.95s
........................................................................ [ 36%]
........................................................................ [ 73%]
...................................................                      [100%]
195 passed in 22.98s
........................................................................ [ 35%]
........................................................................ [ 70%]
...........................................................              [100%]
203 passed in 185.24s (0:03:05)
........................................................................ [ 27%]
........................................................................ [ 54%]
........................................................................ [ 82%]
...............................................                          [100%]
263 passed in 11.62s
